Circuit: * C:\Users\andre\OneDrive\Documents\LTspiceXVII\Multiplier_Circuit_(4_Quadrant)_For_Use_In_Telecommunications_Phase_Locked_Loop(USING_METHOD_FROM_UNBUFFERED_CMOS_OPAMP_19TH_SEP_2026.asc

Limiting rise time of source vd2 to 0.000425
Limiting fall time of source vd2 to 0.000425
Instance "m6": Length shorter than recommended for a level 1 MOSFET.
Instance "m6": Width narrower than recommended for a level 1 MOSFET.
Instance "m5": Length shorter than recommended for a level 1 MOSFET.
Instance "m5": Width narrower than recommended for a level 1 MOSFET.
Instance "m4": Length shorter than recommended for a level 1 MOSFET.
Instance "m4": Width narrower than recommended for a level 1 MOSFET.
Instance "m3": Length shorter than recommended for a level 1 MOSFET.
Instance "m3": Width narrower than recommended for a level 1 MOSFET.
Instance "m2": Length shorter than recommended for a level 1 MOSFET.
Instance "m2": Width narrower than recommended for a level 1 MOSFET.
Instance "m1": Length shorter than recommended for a level 1 MOSFET.
Instance "m1": Width narrower than recommended for a level 1 MOSFET.
Direct Newton iteration for .op point succeeded.

Date: Mon Sep 21 21:12:12 2026
Total elapsed time: 7.849 seconds.

tnom = 27
temp = 27
method = modified trap
totiter = 1995
traniter = 1987
tranpoints = 844
accept = 549
rejected = 295
matrix size = 27
fillins = 2
solver = Normal
Matrix Compiler1: 1.07 KB object code size  0.5/0.3/[0.2]
Matrix Compiler2: off  [0.3]/0.4/0.3

